{"level":"error","message":"{\"timestamp\":\"2026-06-01T04:58:32.998Z\",\"method\":\"GET\",\"url\":\"/health\",\"statusCode\":304,\"ip\":\"::ffff:127.0.0.1\",\"durationMs\":5}"}
{"level":"error","message":"{\"timestamp\":\"2026-06-01T04:58:33.098Z\",\"method\":\"GET\",\"url\":\"/favicon.ico\",\"statusCode\":404,\"ip\":\"::ffff:127.0.0.1\",\"durationMs\":3}"}
{"level":"error","message":"{\"timestamp\":\"2026-06-22T03:44:29.780Z\",\"method\":\"POST\",\"url\":\"/api/v1/users/register\",\"statusCode\":500,\"ip\":\"::1\",\"durationMs\":6,\"body\":{\"name\":\"Test User\",\"email\":\"test@example.com\",\"password\":\"password123\"}}"}
{"level":"error","message":"{\"timestamp\":\"2026-06-22T03:50:34.216Z\",\"method\":\"POST\",\"url\":\"/api/v1/register\",\"statusCode\":404,\"ip\":\"::ffff:127.0.0.1\",\"durationMs\":12,\"body\":{\"name\":\"putraadi\",\"email\":\"padijaya773@gmail.com\",\"password\":\"210208\"}}"}
{"level":"error","message":"{\"timestamp\":\"2026-06-22T04:05:27.151Z\",\"method\":\"POST\",\"url\":\"/api/v1/users/register?name=Wowo&email=wowo%40sawit.id&password=admin123\",\"statusCode\":500,\"ip\":\"::1\",\"durationMs\":5}"}
{"level":"error","message":"{\"timestamp\":\"2026-06-22T04:06:09.544Z\",\"method\":\"POST\",\"url\":\"/api/v1/users/register?%22name%22=%22Wowo%22&%22email%22=%22wowo%40sawit.id%22&%22password%22=%22admin123%22\",\"statusCode\":500,\"ip\":\"::1\",\"durationMs\":1}"}
{"level":"error","message":"{\"timestamp\":\"2026-06-22T04:06:15.253Z\",\"method\":\"POST\",\"url\":\"/api/v1/users/register?%22email%22=%22wowo%40sawit.id%22&%22password%22=%22admin123%22\",\"statusCode\":500,\"ip\":\"::1\",\"durationMs\":6}"}
{"level":"error","message":"{\"timestamp\":\"2026-06-22T05:04:54.498Z\",\"method\":\"POST\",\"url\":\"/api/v1/login\",\"statusCode\":404,\"ip\":\"::1\",\"durationMs\":0,\"body\":{\"email\":\"padijaya773@gmail.com\",\"password\":\"210208\"}}"}
{"level":"error","message":"{\"timestamp\":\"2026-07-02T15:30:16.572Z\",\"method\":\"POST\",\"url\":\"/api/v1/chatbot/send\",\"statusCode\":400,\"ip\":\"::ffff:127.0.0.1\",\"durationMs\":1,\"body\":{}}"}
{"level":"error","message":"{\"timestamp\":\"2026-07-10T12:19:31.435Z\",\"method\":\"POST\",\"url\":\"/api/v1/users/login\",\"statusCode\":401,\"ip\":\"::ffff:127.0.0.1\",\"durationMs\":1927,\"body\":{\"email\":\"admin@example.com\",\"password\":\"password123\"}}"}
{"level":"error","message":"{\"timestamp\":\"2026-07-10T12:19:53.751Z\",\"method\":\"POST\",\"url\":\"/api/v1/users/login\",\"statusCode\":401,\"ip\":\"::ffff:127.0.0.1\",\"durationMs\":14,\"body\":{\"email\":\"admin@example.com\",\"password\":\"password123\"}}"}
{"level":"error","message":"{\"timestamp\":\"2026-07-10T12:21:32.717Z\",\"method\":\"POST\",\"url\":\"/api/v1/users/login\",\"statusCode\":401,\"ip\":\"::ffff:127.0.0.1\",\"durationMs\":14,\"body\":{\"email\":\"admin@example.com\",\"password\":\"password1234\"}}"}
{"level":"error","message":"{\"timestamp\":\"2026-07-10T12:21:41.824Z\",\"method\":\"POST\",\"url\":\"/api/v1/users/login\",\"statusCode\":401,\"ip\":\"::ffff:127.0.0.1\",\"durationMs\":2,\"body\":{\"email\":\"admin@example.com\",\"password\":\"password1234\"}}"}
{"level":"error","message":"{\"timestamp\":\"2026-07-10T12:22:41.999Z\",\"method\":\"POST\",\"url\":\"/api/v1/users/login\",\"statusCode\":401,\"ip\":\"::1\",\"durationMs\":10,\"body\":{\"email\":\"admin@example.com\",\"password\":\"password1234\"}}"}
{"level":"error","message":"{\"timestamp\":\"2026-07-10T12:23:04.685Z\",\"method\":\"POST\",\"url\":\"/api/v1/users/login\",\"statusCode\":401,\"ip\":\"::1\",\"durationMs\":13,\"body\":{\"email\":\"admin@example.com\",\"password\":\"password123\"}}"}
{"level":"error","message":"{\"timestamp\":\"2026-07-10T12:26:01.534Z\",\"method\":\"POST\",\"url\":\"/api/v1/users/login\",\"statusCode\":500,\"ip\":\"::1\",\"durationMs\":2}"}
{"level":"error","message":"{\"timestamp\":\"2026-07-10T12:27:18.705Z\",\"method\":\"POST\",\"url\":\"/api/v1/users/login\",\"statusCode\":500,\"ip\":\"::1\",\"durationMs\":1}"}
{"level":"error","message":"{\"timestamp\":\"2026-07-10T12:27:45.091Z\",\"method\":\"POST\",\"url\":\"/api/v1/users/login\",\"statusCode\":500,\"ip\":\"::1\",\"durationMs\":3}"}
{"level":"error","message":"{\"timestamp\":\"2026-07-10T12:28:52.189Z\",\"method\":\"POST\",\"url\":\"/api/v1/users/login\",\"statusCode\":401,\"ip\":\"::1\",\"durationMs\":10,\"body\":{\"email\":\"padijaya773@gmail.com\",\"password\":\"210208\"}}"}
{"level":"error","message":"{\"timestamp\":\"2026-07-10T12:28:54.509Z\",\"method\":\"POST\",\"url\":\"/api/v1/users/login\",\"statusCode\":401,\"ip\":\"::1\",\"durationMs\":2,\"body\":{\"email\":\"padijaya773@gmail.com\",\"password\":\"210208\"}}"}
{"level":"error","message":"{\"timestamp\":\"2026-07-10T12:29:12.576Z\",\"method\":\"POST\",\"url\":\"/api/v1/users/login\",\"statusCode\":401,\"ip\":\"::1\",\"durationMs\":11,\"body\":{\"email\":\"admin@example.com\",\"password\":\"password123\"}}"}
{"level":"error","message":"{\"timestamp\":\"2026-07-10T12:51:57.154Z\",\"method\":\"POST\",\"url\":\"/api/v1/files\",\"statusCode\":500,\"ip\":\"::1\",\"durationMs\":1069,\"body\":{}}"}
{"level":"error","message":"{\"timestamp\":\"2026-07-10T12:51:58.829Z\",\"method\":\"POST\",\"url\":\"/api/v1/files\",\"statusCode\":500,\"ip\":\"::1\",\"durationMs\":1019,\"body\":{}}"}
{"level":"error","message":"{\"timestamp\":\"2026-07-10T12:52:00.965Z\",\"method\":\"POST\",\"url\":\"/api/v1/files\",\"statusCode\":500,\"ip\":\"::1\",\"durationMs\":1022,\"body\":{}}"}
{"level":"error","message":"{\"timestamp\":\"2026-07-10T12:52:02.770Z\",\"method\":\"POST\",\"url\":\"/api/v1/files\",\"statusCode\":500,\"ip\":\"::1\",\"durationMs\":1028,\"body\":{}}"}
{"level":"error","message":"{\"timestamp\":\"2026-07-10T12:52:04.408Z\",\"method\":\"POST\",\"url\":\"/api/v1/files\",\"statusCode\":500,\"ip\":\"::1\",\"durationMs\":1026,\"body\":{}}"}
{"level":"error","message":"{\"timestamp\":\"2026-07-10T12:52:06.540Z\",\"method\":\"POST\",\"url\":\"/api/v1/files\",\"statusCode\":500,\"ip\":\"::1\",\"durationMs\":1019,\"body\":{}}"}
{"level":"error","message":"{\"timestamp\":\"2026-07-10T12:52:13.298Z\",\"method\":\"POST\",\"url\":\"/api/v1/files\",\"statusCode\":500,\"ip\":\"::1\",\"durationMs\":1027,\"body\":{}}"}
{"level":"error","message":"{\"timestamp\":\"2026-07-10T12:52:14.939Z\",\"method\":\"POST\",\"url\":\"/api/v1/files\",\"statusCode\":500,\"ip\":\"::1\",\"durationMs\":1028,\"body\":{}}"}
{"level":"error","message":"{\"timestamp\":\"2026-07-10T12:52:17.147Z\",\"method\":\"POST\",\"url\":\"/api/v1/files\",\"statusCode\":500,\"ip\":\"::1\",\"durationMs\":1031,\"body\":{}}"}
{"level":"error","message":"{\"timestamp\":\"2026-07-11T02:30:58.204Z\",\"method\":\"POST\",\"url\":\"/api/v1/api/v1/users/refresh\",\"statusCode\":404,\"ip\":\"::1\",\"durationMs\":1,\"body\":{\"refreshToken\":\"eyJhbGciOiJIUzI1NiIsInR5cCI6IkpXVCJ9.eyJpZCI6IjZmMWRlODlmLWI1MTAtNDQ4NS05ZDE2LTkzMGZiNDYzZGViYSIsImVtYWlsIjoiYWRtaW5AZ21haWwuY29tIiwibmFtZSI6IldhcnJ1bmcgQW5na3JpbmdhbiIsImlhdCI6MTc4MzY3MzA5NywiZXhwIjoxNzg0Mjc3ODk3fQ.xCVRC3aH7dxVppVM2ssR-DNabxl7FYCUM4nLSv19MSM\"}}"}
{"level":"error","message":"{\"timestamp\":\"2026-07-11T02:33:34.327Z\",\"method\":\"POST\",\"url\":\"/api/v1/files\",\"statusCode\":500,\"ip\":\"::1\",\"durationMs\":1071,\"body\":{}}"}
{"level":"error","message":"{\"timestamp\":\"2026-07-11T02:33:35.923Z\",\"method\":\"POST\",\"url\":\"/api/v1/files\",\"statusCode\":500,\"ip\":\"::1\",\"durationMs\":1021,\"body\":{}}"}
{"level":"error","message":"{\"timestamp\":\"2026-07-11T02:33:38.038Z\",\"method\":\"POST\",\"url\":\"/api/v1/files\",\"statusCode\":500,\"ip\":\"::1\",\"durationMs\":1032,\"body\":{}}"}
{"level":"error","message":"{\"timestamp\":\"2026-07-11T02:33:38.542Z\",\"method\":\"POST\",\"url\":\"/api/v1/files\",\"statusCode\":500,\"ip\":\"::1\",\"durationMs\":1032,\"body\":{}}"}
{"level":"error","message":"{\"timestamp\":\"2026-07-11T02:33:40.202Z\",\"method\":\"POST\",\"url\":\"/api/v1/files\",\"statusCode\":500,\"ip\":\"::1\",\"durationMs\":1012,\"body\":{}}"}
{"level":"error","message":"{\"timestamp\":\"2026-07-11T02:33:42.295Z\",\"method\":\"POST\",\"url\":\"/api/v1/files\",\"statusCode\":500,\"ip\":\"::1\",\"durationMs\":1018,\"body\":{}}"}
{"level":"error","message":"{\"timestamp\":\"2026-07-11T02:33:46.173Z\",\"method\":\"POST\",\"url\":\"/api/v1/files\",\"statusCode\":500,\"ip\":\"::1\",\"durationMs\":1024,\"body\":{}}"}
{"level":"error","message":"{\"timestamp\":\"2026-07-11T02:33:47.847Z\",\"method\":\"POST\",\"url\":\"/api/v1/files\",\"statusCode\":500,\"ip\":\"::1\",\"durationMs\":1013,\"body\":{}}"}
{"level":"error","message":"{\"timestamp\":\"2026-07-11T02:33:50.723Z\",\"method\":\"POST\",\"url\":\"/api/v1/files\",\"statusCode\":500,\"ip\":\"::1\",\"durationMs\":1018,\"body\":{}}"}
{"level":"error","message":"{\"timestamp\":\"2026-07-11T02:47:28.687Z\",\"method\":\"POST\",\"url\":\"/api/v1/users/login\",\"statusCode\":401,\"ip\":\"::1\",\"durationMs\":18,\"body\":{\"email\":\"padijaya773@gmail.com\",\"password\":\"210208\"}}"}
{"level":"error","message":"{\"timestamp\":\"2026-07-11T02:47:33.297Z\",\"method\":\"POST\",\"url\":\"/api/v1/users/login\",\"statusCode\":401,\"ip\":\"::1\",\"durationMs\":3,\"body\":{\"email\":\"padijaya773@gmail.com\",\"password\":\"210208\"}}"}
{"level":"error","message":"{\"timestamp\":\"2026-07-11T02:47:42.172Z\",\"method\":\"POST\",\"url\":\"/api/v1/users/login\",\"statusCode\":401,\"ip\":\"::1\",\"durationMs\":2,\"body\":{\"email\":\"padijaya773@gmail.com\",\"password\":\"P@ssw0rd\"}}"}
{"level":"error","message":"{\"timestamp\":\"2026-07-11T02:47:56.255Z\",\"method\":\"POST\",\"url\":\"/api/v1/users/login\",\"statusCode\":401,\"ip\":\"::1\",\"durationMs\":26,\"body\":{\"email\":\"padijaya773@gmail.com\",\"password\":\"210208\"}}"}
{"level":"error","message":"{\"timestamp\":\"2026-07-11T02:48:46.886Z\",\"method\":\"POST\",\"url\":\"/api/v1/users/login\",\"statusCode\":401,\"ip\":\"::1\",\"durationMs\":16,\"body\":{\"email\":\"admin@example.com\",\"password\":\"password123\"}}"}
{"level":"error","message":"{\"timestamp\":\"2026-07-11T02:48:49.621Z\",\"method\":\"POST\",\"url\":\"/api/v1/users/login\",\"statusCode\":401,\"ip\":\"::1\",\"durationMs\":1,\"body\":{\"email\":\"admin@example.com\",\"password\":\"password123\"}}"}
{"level":"error","message":"{\"timestamp\":\"2026-07-11T02:48:50.325Z\",\"method\":\"POST\",\"url\":\"/api/v1/users/login\",\"statusCode\":401,\"ip\":\"::1\",\"durationMs\":2,\"body\":{\"email\":\"admin@example.com\",\"password\":\"password123\"}}"}
{"level":"error","message":"{\"timestamp\":\"2026-07-11T02:48:50.540Z\",\"method\":\"POST\",\"url\":\"/api/v1/users/login\",\"statusCode\":401,\"ip\":\"::1\",\"durationMs\":1,\"body\":{\"email\":\"admin@example.com\",\"password\":\"password123\"}}"}
{"level":"error","message":"{\"timestamp\":\"2026-07-11T02:48:50.806Z\",\"method\":\"POST\",\"url\":\"/api/v1/users/login\",\"statusCode\":401,\"ip\":\"::1\",\"durationMs\":4,\"body\":{\"email\":\"admin@example.com\",\"password\":\"password123\"}}"}
{"level":"error","message":"{\"timestamp\":\"2026-07-11T02:48:50.987Z\",\"method\":\"POST\",\"url\":\"/api/v1/users/login\",\"statusCode\":401,\"ip\":\"::1\",\"durationMs\":1,\"body\":{\"email\":\"admin@example.com\",\"password\":\"password123\"}}"}
{"level":"error","message":"{\"timestamp\":\"2026-07-11T02:48:51.173Z\",\"method\":\"POST\",\"url\":\"/api/v1/users/login\",\"statusCode\":401,\"ip\":\"::1\",\"durationMs\":1,\"body\":{\"email\":\"admin@example.com\",\"password\":\"password123\"}}"}
{"level":"error","message":"{\"timestamp\":\"2026-07-11T02:48:51.353Z\",\"method\":\"POST\",\"url\":\"/api/v1/users/login\",\"statusCode\":401,\"ip\":\"::1\",\"durationMs\":4,\"body\":{\"email\":\"admin@example.com\",\"password\":\"password123\"}}"}
{"level":"error","message":"{\"timestamp\":\"2026-07-11T02:48:51.585Z\",\"method\":\"POST\",\"url\":\"/api/v1/users/login\",\"statusCode\":401,\"ip\":\"::1\",\"durationMs\":3,\"body\":{\"email\":\"admin@example.com\",\"password\":\"password123\"}}"}
{"level":"error","message":"{\"timestamp\":\"2026-07-11T02:48:51.705Z\",\"method\":\"POST\",\"url\":\"/api/v1/users/login\",\"statusCode\":401,\"ip\":\"::1\",\"durationMs\":2,\"body\":{\"email\":\"admin@example.com\",\"password\":\"password123\"}}"}
{"level":"error","message":"{\"timestamp\":\"2026-07-11T03:03:07.844Z\",\"method\":\"POST\",\"url\":\"/api/v1/chatbot/conversations\",\"statusCode\":401,\"ip\":\"::1\",\"durationMs\":3,\"body\":{\"title\":\"Halo AI Toko\"}}"}
{"level":"error","message":"{\"timestamp\":\"2026-07-11T03:03:37.959Z\",\"method\":\"POST\",\"url\":\"/api/v1/chatbot/conversations\",\"statusCode\":401,\"ip\":\"::1\",\"durationMs\":5,\"body\":{\"title\":\"Halo AI Toko\"}}"}
{"level":"error","message":"{\"timestamp\":\"2026-07-11T03:08:40.058Z\",\"method\":\"POST\",\"url\":\"/api/v1/chatbot/conversations\",\"statusCode\":500,\"ip\":\"::1\",\"durationMs\":7,\"body\":{\"title\":\"Halo AI Toko\"}}"}
{"level":"error","message":"{\"timestamp\":\"2026-07-11T03:08:45.249Z\",\"method\":\"POST\",\"url\":\"/api/v1/chatbot/conversations\",\"statusCode\":500,\"ip\":\"::1\",\"durationMs\":1,\"body\":{\"title\":\"Halo AI Toko\"}}"}
{"level":"error","message":"{\"timestamp\":\"2026-07-11T03:09:48.772Z\",\"method\":\"POST\",\"url\":\"/api/v1/chatbot/conversations\",\"statusCode\":500,\"ip\":\"::1\",\"durationMs\":471,\"body\":{\"title\":\"Halo AI Toko\"}}"}
{"level":"error","message":"{\"timestamp\":\"2026-07-11T03:23:19.679Z\",\"method\":\"POST\",\"url\":\"/api/v1/chatbot/conversations/609795de-3352-4553-b80a-1b893bf69617/messages\",\"statusCode\":401,\"ip\":\"::1\",\"durationMs\":4,\"body\":{\"content\":\"Halo AI Toko\"}}"}
{"level":"error","message":"{\"timestamp\":\"2026-07-29T14:37:09.050Z\",\"method\":\"POST\",\"url\":\"/api/v1/users/0d69d314-cd2f-46ed-a16a-c78c07a01ac0\",\"statusCode\":401,\"ip\":\"::ffff:127.0.0.1\",\"durationMs\":2,\"body\":{\"name\":\"putraadi\",\"email\":\"padijaya773@gmail.com\",\"password\":\"210208\",\"roleId\":\"3200aa3b-df4a-486a-abc7-7ac1e478b44a\"}}"}
